Renesas Optimizing Linker (W3.01.00 )             11-Jun-2020 13:36:34

*** Options ***

-subcommand=LinkerM_KEYPAD_V2x_R5F1056A.tmp
-device="C:\Renesas\e2_studio\DebugComp\\RL78\RL78\Common\DR5F1056A.DVF"
-library="D:\M_Keypad_9-Mar-2020\Code\M_KEYPAD_V2x_R5F1056A\data_flash\pfdl.lib"
-list="M_KEYPAD_V2x_R5F1056A.map"
-nooptimize
-entry=_start
-security_id=00000000000000000000
-user_opt_byte=7FFFF0
-ocdbg=04
-input=".\generate\cstart.obj"
-input=".\generate\stkinit.obj"
-input=".\src/cg_src\r_cg_cgc.obj"
-input=".\src/cg_src\r_cg_cgc_user.obj"
-input=".\src/cg_src\r_cg_it.obj"
-input=".\src/cg_src\r_cg_it_user.obj"
-input=".\src/cg_src\r_cg_main.obj"
-input=".\src/cg_src\r_cg_pfdl.obj"
-input=".\src/cg_src\r_cg_port.obj"
-input=".\src/cg_src\r_cg_port_user.obj"
-input=".\src/cg_src\r_cg_sau.obj"
-input=".\src/cg_src\r_cg_sau_user.obj"
-input=".\src/cg_src\r_cg_systeminit.obj"
-input=".\src/cg_src\r_cg_wdt.obj"
-input=".\src/cg_src\r_cg_wdt_user.obj"
-input=".\src/cg_src\u_data_flash2.obj"
-input=".\src/cg_src\u_keypad.obj"
-input=".\src/cg_src\u_modbus2.obj"
-library="C:\Program Files (x86)\Renesas Electronics\CS+\CC\CC-RL\V1.08.00\lib\rl78em4s.lib"
-library="C:\Program Files (x86)\Renesas Electronics\CS+\CC\CC-RL\V1.08.00\lib\rl78em4r.lib"
-library="C:\Program Files (x86)\Renesas Electronics\CS+\CC\CC-RL\V1.08.00\lib\malloc_n.lib"
-start=PFDL_COD/0100,.text,.data,.sdata,.RLIB,.SLIB,.textf,.constf/0800,.const/03000,.dataR,.bss/0FF988,.sdataR,.sbss/0FFE20
-output="M_KEYPAD_V2x_R5F1056A.abs"
-debug
-nocompress
-memory=high
-rom=.data=.dataR,.sdata=.sdataR
-nomessage
-nologo

*** Error information ***

*** Mapping List ***

SECTION                            START      END         SIZE   ALIGN
.vect
                                  00000000  0000007f        80   0
.option_byte
                                  000000c0  000000c3         4   1
.security_id
                                  000000c4  000000cd         a   1
PFDL_COD
                                  00000100  0000018d        8e   2
.text
                                  00000800  0000092f       130   1
.data
                                  00000930  00000935         6   2
.sdata
                                  00000936  00000936         0   2
.RLIB
                                  00000936  00000b04       1cf   1
.SLIB
                                  00000b05  00000b05         0   1
.textf
                                  00000b05  00002633      1b2f   1
.constf
                                  00002634  00002634         0   2
.const
                                  00003000  0000322b       22c   2
.dataR
                                  000ff988  000ff98d         6   2
.bss
                                  000ff98e  000ffde7       45a   2
.sdataR
                                  000ffe20  000ffe20         0   2
.sbss
                                  000ffe20  000ffe20         0   2
