Renesas Optimizing Linker (W3.01.00 )             27-May-2020 16:49:15

*** Options ***

-subcommand=LinkerM_KEYPAD_V2x_R5F1056A.tmp
-device="C:\Renesas\e2_studio\DebugComp\\RL78\RL78\Common\DR5F1056A.DVF"
-library="D:\M_Keypad_9-Mar-2020\Code\M_KEYPAD_V2x_R5F1056A\data_flash\pfdl.lib"
-list="M_KEYPAD_V2x_R5F1056A.map"
-nooptimize
-entry=_start
-security_id=00000000000000000000
-user_opt_byte=FFFFF0
-ocdbg=04
-input=".\generate\cstart.obj"
-input=".\generate\stkinit.obj"
-input=".\src/cg_src\r_cg_cgc.obj"
-input=".\src/cg_src\r_cg_cgc_user.obj"
-input=".\src/cg_src\r_cg_it.obj"
-input=".\src/cg_src\r_cg_it_user.obj"
-input=".\src/cg_src\r_cg_main.obj"
-input=".\src/cg_src\r_cg_port.obj"
-input=".\src/cg_src\r_cg_port_user.obj"
-input=".\src/cg_src\r_cg_sau.obj"
-input=".\src/cg_src\r_cg_sau_user.obj"
-input=".\src/cg_src\r_cg_systeminit.obj"
-input=".\src/cg_src\r_cg_wdt.obj"
-input=".\src/cg_src\r_cg_wdt_user.obj"
-input=".\src/cg_src\u_data_flash2.obj"
-input=".\src/cg_src\u_keypad.obj"
-input=".\src/cg_src\u_modbus2.obj"
-library="C:\Program Files (x86)\Renesas Electronics\CS+\CC\CC-RL\V1.08.00\lib\rl78em4s.lib"
-library="C:\Program Files (x86)\Renesas Electronics\CS+\CC\CC-RL\V1.08.00\lib\rl78em4r.lib"
-library="C:\Program Files (x86)\Renesas Electronics\CS+\CC\CC-RL\V1.08.00\lib\malloc_n.lib"
-start=PFDL_COD/0100,.const,.text,.data,.sdata,.RLIB,.SLIB,.textf,.constf/02000,.dataR,.bss/0FF988,.sdataR,.sbss/0FFE20
-output="M_KEYPAD_V2x_R5F1056A.abs"
-debug
-nocompress
-memory=high
-rom=.data=.dataR,.sdata=.sdataR
-nomessage
-nologo

*** Error information ***

*** Mapping List ***

SECTION                            START      END         SIZE   ALIGN
.vect
                                  00000000  0000007f        80   0
.option_byte
                                  000000c0  000000c3         4   1
.security_id
                                  000000c4  000000cd         a   1
PFDL_COD
                                  00000100  0000018d        8e   2
.const
                                  00002000  0000222b       22c   2
.text
                                  0000222c  00002371       146   1
.data
                                  00002372  00002377         6   2
.sdata
                                  00002378  00002378         0   2
.RLIB
                                  00002378  00002546       1cf   1
.SLIB
                                  00002547  00002547         0   1
.textf
                                  00002547  00003fd0      1a8a   1
.constf
                                  00003fd2  00003fd2         0   2
.dataR
                                  000ff988  000ff98d         6   2
.bss
                                  000ff98e  000ffdd3       446   2
.sdataR
                                  000ffe20  000ffe20         0   2
.sbss
                                  000ffe20  000ffe20         0   2
