Renesas Optimizing Linker (W3.01.00 )             12-Mar-2020 22:17:18

*** Options ***

-subcommand=LinkerM_KEYPAD_V2x_R5F1056A.tmp
-device="C:\Renesas\e2_studio\DebugComp\\RL78\RL78\Common\DR5F1056A.DVF"
-list="M_KEYPAD_V2x_R5F1056A.map"
-nooptimize
-entry=_start
-auto_section_layout
-security_id=00000000000000000000
-user_opt_byte=FFFFF0
-ocdbg=04
-input=".\generate\cstart.obj"
-input=".\generate\stkinit.obj"
-input=".\src/cg_src\r_cg_cgc.obj"
-input=".\src/cg_src\r_cg_cgc_user.obj"
-input=".\src/cg_src\r_cg_it.obj"
-input=".\src/cg_src\r_cg_it_user.obj"
-input=".\src/cg_src\r_cg_main.obj"
-input=".\src/cg_src\r_cg_port.obj"
-input=".\src/cg_src\r_cg_port_user.obj"
-input=".\src/cg_src\r_cg_sau.obj"
-input=".\src/cg_src\r_cg_sau_user.obj"
-input=".\src/cg_src\r_cg_systeminit.obj"
-input=".\src/cg_src\r_cg_wdt.obj"
-input=".\src/cg_src\r_cg_wdt_user.obj"
-input=".\src/cg_src\u_keypad.obj"
-input=".\src/cg_src\u_modbus2.obj"
-library="C:\Program Files (x86)\Renesas Electronics\CS+\CC\CC-RL\V1.08.00\lib\rl78em4s.lib"
-library="C:\Program Files (x86)\Renesas Electronics\CS+\CC\CC-RL\V1.08.00\lib\rl78em4r.lib"
-library="C:\Program Files (x86)\Renesas Electronics\CS+\CC\CC-RL\V1.08.00\lib\malloc_n.lib"
-output="M_KEYPAD_V2x_R5F1056A.abs"
-debug
-nocompress
-memory=high
-rom=.data=.dataR,.sdata=.sdataR
-nomessage
-nologo

*** Error information ***

*** Mapping List ***

SECTION                            START      END         SIZE   ALIGN
.vect
                                  00000000  0000007f        80   0
.constf
                                  00000080  00000080         0   2
.sdata
                                  00000080  00000080         0   2
.data
                                  00000082  00000085         4   2
.option_byte
                                  000000c0  000000c3         4   1
.security_id
                                  000000c4  000000cd         a   1
.SLIB
                                  000000c4  000000c4         0   1
.text
                                  000000ce  000001fe       131   1
.textf
                                  000001ff  000012b0      10b2   1
.RLIB
                                  000012b1  0000150a       25a   1
.const
                                  00002000  00002227       228   2
.bss
                                  000ff900  000ffcaf       3b0   2
.dataR
                                  000ffcb0  000ffcb3         4   2
.sbss
                                  000ffe20  000ffe20         0   2
.sdataR
                                  000ffe20  000ffe20         0   2
